// Jest Snapshot v1, https://goo.gl/fbAQLP

exports[`renders Box component 1`] = `
<div
  class="Box"
  id="box-id"
  style="background-color: blue; width: 200px; height: 200px;"
>
  <button>
     X 
  </button>
</div>
`;
